// Vitest Snapshot v1, https://vitest.dev/guide/snapshot.html

exports[`Component CriteriaPassword > should match snapshot 1`] = `
<DocumentFragment>
  <ul
    class="_validator__list_52daaf"
    data-testid="validator__list"
  >
    <li
      data-testid="validator__item"
    >
      <span
        class="_validator_52daaf _validator--invalid_52daaf"
        data-testid="validator__text"
      >
        - Item 1
      </span>
    </li>
  </ul>
</DocumentFragment>
`;
